{"Energy":{"iters":[0,1,2,3,4,5,6,7,8,9,10,11,12,13,14,15,16,17,18,19,20,21,22,23,24,25,26,27,28,29,30,31,32,33,34,35,36,37,38,39,40,41,42,43,44,45,46,47,48,49,50,51,52,53,54,55,56,57,58,59,60,61,62,63,64,65,66,67,68,69,70,71,72,73,74,75,76,77,78,79,80,81,82,83,84,85,86,87,88,89,90,91,92,93,94,95,96,97,98,99,100,101,102,103,104,105,106,107,108,109,110,111,112,113,114,115,116,117,118,119,120,121,122,123,124,125,126,127,128,129,130,131,132,133,134,135,136,137,138,139,140,141,142,143,144,145,146,147,148,149,150,151,152,153,154,155,156,157,158,159,160,161,162,163,164,165,166,167,168,169,170,171,172,173,174,175,176,177,178,179,180,181,182,183,184,185,186,187,188,189,190,191,192,193,194,195,196,197,198,199,200,201,202,203,204,205,206,207,208,209,210,211,212,213,214,215,216,217,218,219,220,221,222,223,224,225,226,227,228,229,230,231,232,233,234,235,236,237,238,239,240,241,242,243,244,245,246,247,248,249,250,251,252,253,254,255,256,257,258,259,260,261,262,263,264,265,266,267,268,269,270,271,272,273,274,275,276,277,278,279,280,281,282,283,284,285,286,287,288,289,290,291,292,293,294,295,296,297,298,299,300,301,302,303,304,305,306,307,308,309,310,311,312,313,314,315,316,317,318,319,320,321,322,323,324,325,326,327,328,329,330,331,332,333,334,335,336,337,338,339,340,341,342,343,344,345,346,347,348,349,350,351,352,353,354,355,356,357,358,359,360,361,362,363,364,365,366,367,368,369,370,371,372,373,374,375,376,377,378,379,380,381,382,383,384,385,386,387,388,389,390,391,392,393,394,395,396,397,398,399,400,401,402,403,404,405,406,407,408,409,410,411,412,413,414,415,416,417,418,419,420,421,422,423,424,425,426,427,428,429,430,431,432,433,434,435,436,437,438,439,440,441,442,443,444,445,446,447,448,449,450,451,452,453,454,455,456,457,458,459,460,461,462,463,464,465,466,467,468,469,470,471,472,473,474,475,476,477,478,479,480,481,482,483,484,485,486,487,488,489,490,491,492,493,494,495,496,497,498,499,500,501,502,503,504,505,506,507,508,509,510,511,512,513,514,515,516,517,518,519,520,521,522,523,524,525,526,527,528,529,530,531,532,533,534,535,536,537,538,539,540,541,542,543,544,545,546,547,548,549,550,551,552,553,554,555,556,557,558,559,560,561,562,563,564,565,566,567,568,569,570,571,572,573,574,575,576,577,578,579,580,581,582,583,584,585,586,587,588,589,590,591,592,593,594,595,596,597,598,599,600,601,602,603,604,605,606,607,608,609,610,611,612,613,614,615,616,617,618,619,620,621,622,623,624,625,626,627,628,629,630,631,632,633,634,635,636,637,638,639,640,641,642,643,644,645,646,647,648,649,650,651,652,653,654,655,656,657,658,659,660,661,662,663,664,665,666,667,668,669,670,671,672,673,674,675,676,677,678,679,680,681,682,683,684,685,686,687,688,689,690,691,692,693,694,695,696,697,698,699,700,701,702,703,704,705,706,707,708,709,710,711,712,713,714,715,716,717,718,719,720,721,722,723,724,725,726,727,728,729,730,731,732,733,734,735,736,737,738,739,740,741,742,743,744,745,746,747,748,749,750,751,752,753,754,755,756,757,758,759,760,761,762,763,764,765,766,767,768,769,770,771,772,773,774,775,776,777,778,779,780,781,782,783,784,785,786,787,788,789,790,791,792,793,794,795,796,797,798,799,800,801,802,803,804,805,806,807,808,809,810,811,812,813,814,815,816,817,818,819,820,821,822,823,824,825,826,827,828,829,830,831,832,833,834,835,836,837,838,839,840,841,842,843,844,845,846,847,848,849,850,851,852,853,854,855,856,857,858,859,860,861,862,863,864,865,866,867,868,869,870,871,872,873,874,875,876,877,878,879,880,881,882,883,884,885,886,887,888,889,890,891,892,893,894,895,896,897,898,899,900,901,902,903,904,905,906,907,908,909,910,911,912,913,914,915,916,917,918,919,920,921,922,923,924,925,926,927,928,929,930,931,932,933,934,935,936,937,938,939,940,941,942,943,944,945,946,947,948,949,950,951,952,953,954,955,956,957,958,959,960,961,962,963,964,965,966,967,968,969,970,971,972,973,974,975,976,977,978,979,980,981,982,983,984,985,986,987,988,989,990,991,992,993,994,995,996,997,998,999],"Mean":[-12.315840194837662,-17.234750639716772,-19.472661300116023,-21.010248620456586,-16.584747496716687,-20.02630508773229,-22.533447040118396,-23.79125060688824,-24.638022404272846,-24.390070631493444,-24.601083471522116,-23.366212892877506,-24.642848991413288,-23.85927608104918,-23.951886477553188,-23.930263584869202,-25.147520448326375,-24.50710562258584,-24.58921252565885,-24.42407180443645,-24.8999607843986,-24.760227179675887,-24.866557653212915,-25.036109311140915,-24.347697807714475,-24.179042215950254,-23.711280678722204,-24.98824171996504,-24.632593245636947,-24.24427718875488,-24.47295665234119,-24.72835018321662,-24.649163951361942,-24.6837608539133,-25.071547254379325,-25.109553814216937,-25.071771303028513,-24.96963321718316,-25.05009552146227,-25.172183566924232,-25.043491516781625,-25.16123368081582,-25.071403457688547,-25.010638011156367,-24.95006815908334,-24.955084940591675,-24.316138077034125,-25.081950505119043,-25.064991859690416,-25.166994960661746,-24.91501506037159,-24.61606252847631,-24.994303173116542,-24.907527762557446,-25.033335728009924,-24.734698104427576,-24.581767613554337,-25.042988500512493,-25.03011256510171,-25.44097735200755,-25.21552341273731,-24.58334811319421,-25.036708636443983,-24.922028736131093,-24.77362898970639,-25.263544964903254,-24.33671557376738,-24.418814762100716,-25.07905149047092,-24.746860877666716,-24.839528126059527,-24.566187120088124,-25.017348672630902,-25.047225990761703,-25.008136229897165,-25.152457790007045,-24.972297353610074,-24.855531798303524,-24.78944470447135,-25.299191890457692,-24.966881005629602,-25.00937480645593,-25.074327716381017,-25.03937825743415,-24.751178023635514,-25.256510100028294,-24.930909320749706,-24.608197948335963,-24.449659562805948,-24.92818993848819,-25.159404076543623,-25.44216284253826,-24.911718485719764,-25.302334189992955,-25.37301597404253,-25.293078572071853,-25.069494534127955,-25.111253832516766,-25.220662399924834,-24.97296248849324,-24.90769818634331,-24.783819239479406,-25.250111014148988,-24.96427610460241,-24.908614813879087,-25.11095795758414,-25.16273987728029,-25.077612750928594,-25.191123599293512,-24.60165665280216,-24.997161728414426,-25.199487618284188,-24.93394340920156,-25.374699719354737,-24.8062760054934,-24.924725541260443,-24.625190364699034,-24.097876633954,-24.733819065962805,-25.457811826365838,-24.57126317082337,-25.162979760762227,-24.641307152474077,-25.099074384771598,-25.192211049950256,-24.962618047405968,-24.77835256957178,-25.26775550926305,-24.75971034534433,-24.890434923665726,-24.661312833195147,-24.570333016321605,-24.948719376857724,-25.091897289412533,-24.47689218725975,-25.268228477373775,-24.437625906034672,-24.799579826576593,-25.020741493805957,-24.462707899748388,-24.62524914098011,-24.643711567115982,-24.86144253630268,-24.569384820857255,-24.53367476106945,-24.845924255225157,-24.827334369254267,-24.563344685370545,-24.256214057822902,-24.816835511233787,-24.96950615367984,-25.243101118005846,-24.501353671266507,-25.285120484368406,-24.331840644036788,-25.121597511551016,-24.796898136368384,-24.952655445003646,-24.86734333387568,-23.330921345134875,-24.950217717693572,-24.957993309214288,-24.291061410288606,-24.441139665116207,-24.97615376922384,-24.69049424131037,-25.238652888453444,-24.53735283660987,-24.835357754935064,-24.429734274572866,-24.58141986888095,-24.97318978847593,-25.21957787401913,-25.057244734615576,-24.68888766477477,-25.206290003508084,-25.097802131169328,-24.70149181899686,-24.737051114521194,-24.786534466843925,-24.662239188190505,-24.518913426999994,-24.723687836508887,-25.150786678682508,-24.717353104525824,-24.42967925955415,-25.145123270527126,-25.231226522111843,-24.980632575193084,-24.77460100886341,-25.090899251733006,-25.102027960053814,-24.93445332937423,-24.848581851005818,-24.88593931356243,-24.596667898639282,-24.855116915462478,-25.026580130706996,-24.844778683829254,-24.95681827028486,-24.78880847217021,-24.796308600338662,-24.713678978567593,-24.813368891925375,-25.07080991294765,-24.88117849364633,-24.576700872951243,-23.45767781953117,-25.180422147366137,-24.929148989919504,-24.797285628584888,-25.047040158076747,-25.222174433409428,-25.307215465751696,-25.082302188579945,-25.247197532009984,-24.810975663946415,-24.509033638249516,-24.878108149009154,-24.455192360416156,-24.40646090907275,-24.710347037332514,-24.46567870330371,-24.797462728878457,-24.918331663799883,-25.200754086182304,-24.566188401928834,-25.336282553785512,-24.522722271501294,-24.163534670439134,-24.459764724137038,-24.62604683138821,-24.868148782812007,-24.82988850523289,-24.878651736832744,-24.524709726208794,-22.992297891887546,-24.837363311544053,-24.296918901471557,-24.356450937114506,-25.029087763221526,-24.7660971125308,-24.60680234023596,-24.504758784415795,-24.18257564557301,-23.845391892405893,-24.59085364789931,-24.487104782423327,-24.686030677249917,-24.87344936963882,-24.748275436999172,-24.634925594455332,-24.668008068543223,-24.483222510486108,-25.127378452614042,-24.064523791086238,-24.421866472368933,-24.94229562584414,-24.28400200151195,-24.501846464607958,-24.90988808601122,-24.642703372540602,-24.78998494772045,-24.197503021127442,-24.578422489293278,-25.061278853970464,-24.807708295607938,-24.9950608188997,-25.066807002067883,-24.155460397839832,-25.08766983146078,-24.085463648022394,-24.88521335563258,-25.27620742217149,-24.583946818782493,-24.641816317947313,-24.73298637341741,-24.54878618735219,-24.917662463335844,-24.63603432919823,-24.25277078554328,-24.59678730477178,-25.083367983805815,-24.708906502552367,-25.0736149315863,-24.68057559072245,-24.264494203702576,-24.99397352621125,-25.2647206454391,-24.601678621696223,-24.685087464928642,-25.023206292668085,-24.867875954037565,-24.517568796329662,-24.856271954655703,-24.96956812641174,-24.833728799855354,-24.004284327992842,-24.742361703874245,-24.928651342228243,-24.83617843443968,-24.844770581007808,-24.782606327202075,-24.912373499237145,-24.728262279660314,-24.994038942731542,-24.55074210855694,-24.579519925803382,-24.976266364188227,-24.26044303651568,-25.353346604940604,-24.115137662322002,-25.181811751512463,-25.217237499033402,-24.669132862850894,-24.79967046315221,-23.99847138051749,-24.621492034018168,-25.068660220027958,-24.139429669884205,-25.121880907846652,-24.796906616338806,-24.997114897223675,-25.121592410286855,-24.13003174867776,-24.90048781201874,-24.25166470623612,-24.43502937671008,-25.284260896667952,-24.6554839319518,-24.91575342152654,-24.994077594349335,-24.982561125613223,-24.94601889167716,-24.411222007537628,-24.89927450435416,-24.053611200895446,-23.933145420120965,-23.38598072229589,-24.838230725212284,-24.84236396525833,-24.7147818855179,-24.612211350383816,-25.63553432200593,-22.11214578830956,-24.14627862187058,-23.87672909770332,-24.508180164680326,-24.64531585353273,-25.17772837385686,-25.019532471705986,-23.069454176411604,-24.32416069119133,-24.713439110260076,-25.01413042480012,-24.18052042556949,-24.856899779219937,-24.819148317444537,-25.364353526758237,-24.415941112915878,-24.487312175834475,-25.072662079732126,-24.394325208374127,-24.62531713678043,-24.3862629038062,-24.702704962407736,-24.010294429811537,-24.89094595959612,-24.348396845701835,-24.81895232526371,-24.812248719823472,-25.209398064566027,-24.93248343794248,-24.409554572477077,-24.954276549032393,-24.043759385602833,-24.753645945462317,-24.988597170503603,-24.417100410044476,-24.454493895892444,-24.62947161346824,-24.722129582599543,-24.828990176815594,-24.922309547281266,-25.039178472701977,-25.0316157551028,-25.280269116459674,-25.009019277991143,-24.89659462003421,-25.148575736707237,-25.056692083378735,-24.72291859464579,-25.108805964851957,-25.1157181347202,-25.01969254445831,-25.076564648880435,-24.88820447400863,-24.641497428584145,-24.819154581591267,-24.078952442233742,-24.52298113241696,-25.030967846267004,-24.58200232386504,-24.588716292358566,-24.460738609692662,-24.356591061344425,-24.16354195923695,-24.809673806475885,-25.234439945784167,-24.83348654515489,-24.933549749698592,-25.268971593390336,-25.028937026549116,-24.926009071859923,-25.252137696588946,-24.94668597189608,-25.125118401381584,-24.151932738951515,-24.29013720897038,-24.971875643976396,-24.18588888023489,-24.271289669807892,-24.98434353837541,-24.570508144664743,-24.599163000897263,-25.080941051840288,-24.733852029446172,-24.77332620457932,-24.893729271615044,-24.812041503115765,-24.77862058836726,-24.94674050416916,-24.706519618361057,-24.923939603021104,-25.106249087677703,-24.885265233170486,-24.88319335088515,-24.91077063211645,-25.16382373957574,-24.91802165943671,-24.772464521787576,-24.996756751065835,-24.1212897941313,-24.760017072139696,-24.180491314278,-23.906831600165777,-24.413678998513994,-25.31608513765938,-24.543659221681835,-25.01403267320655,-25.384417700940567,-24.958120149684028,-24.785172965591343,-24.891885363408463,-25.030810841382642,-24.91854224948331,-24.631029155682278,-24.881894232556178,-25.050100069786716,-25.156381224210747,-24.900040775980273,-24.694192745815286,-24.683259758891953,-24.53939640327875,-25.371916253682606,-25.04071531021137,-24.878589698062584,-25.320661592158658,-25.05394123127988,-25.252942296939217,-25.01301816733201,-25.03675959746163,-25.321138797041414,-25.057924591445225,-24.6738015488559,-25.01454998714889,-24.9841348703401,-25.20594786251865,-25.043381723605197,-24.976205430535977,-25.439540647722186,-24.88540749109035,-25.482207059721034,-24.435494630459957,-25.24261276045427,-24.92170383766424,-24.756839195971192,-24.96350275221814,-25.05224142482291,-25.07370658605833,-24.996126583511526,-24.70752292169413,-25.115948435225143,-25.44412409273954,-25.06212169198671,-25.012201660678876,-25.010308047508545,-24.85224938092773,-24.74647961836095,-25.072857719606933,-24.80099749421197,-25.258220048358115,-24.78114548967753,-24.75406492779726,-25.028698365408026,-24.984152720290325,-25.184466343617572,-25.15630219745515,-25.092270845824075,-25.09357561066753,-25.27668720001391,-25.07196793787998,-25.336086885414566,-25.101704695088436,-24.971521954553253,-24.577197583851106,-24.809755573909364,-25.01682714623002,-24.811942947425116,-24.761990367274564,-24.985917623143315,-25.245684023659745,-24.847549447054007,-25.094325670264546,-25.26631701827229,-25.032971050253188,-24.372734050958186,-24.82881436937074,-24.88001847634188,-24.561011863733647,-25.224271205015313,-25.07799299473087,-24.525615222879622,-24.56439552339869,-24.944201433914653,-24.92616215490623,-24.884860630770472,-25.162892171591018,-25.044334895121715,-24.99676207035252,-24.595585312628746,-25.028350161438137,-24.915309753615375,-25.08580790745186,-24.52613440783955,-25.045363069884196,-25.035097402399977,-25.03467421961961,-25.1346031585554,-24.828222384949754,-24.883202246301344,-24.747629276360136,-25.186138691576364,-25.2257188292012,-24.71223495866193,-24.868509992389065,-24.565866484774446,-24.83666131769079,-24.903094773241232,-25.004096577104853,-25.29315790264451,-25.22725724259918,-24.90565508018592,-24.986683947703455,-25.092943182299635,-24.608774656416664,-25.300764494227465,-24.497082501101616,-25.174013337564993,-25.520789085596327,-25.11950672837699,-24.92416978003456,-25.01528408879149,-25.07778518803869,-25.04429281056145,-25.044397821493472,-24.736070031523447,-24.97417755175465,-24.52573673388735,-24.234388498532603,-25.150397006436982,-25.27998975229742,-24.20185751823012,-25.095505737394753,-24.51077106871015,-24.630961636131826,-24.440401830277757,-24.47595689194447,-24.26096788345557,-24.819039222344987,-24.355491639803674,-24.6487207171382,-24.852391253146774,-24.80188039134011,-25.13014430940931,-25.006408634746023,-25.35665728839135,-24.847819667142524,-24.63455461094464,-24.93375623076198,-24.333387149235627,-24.391458929745664,-24.3829580974327,-25.19937856151343,-24.584974531376645,-24.672437097696143,-24.74422598670968,-24.652527522242853,-24.26513432269423,-24.568254122205637,-25.1257585064273,-24.901113037287285,-24.486156761338787,-24.885605968275712,-24.91985602043976,-24.963281320838203,-25.032171192994767,-25.042106136158104,-25.0170948015868,-25.106303673825945,-25.13775117911456,-25.011129328006827,-24.561164118025523,-24.412136948196313,-24.74029821402698,-24.316757219255322,-24.936556846468328,-24.64882879229787,-25.02557955256829,-24.825802100099423,-24.88574020561218,-25.14600433063526,-25.033219040921534,-24.96071067919327,-24.78297857791638,-24.7704517414152,-24.888511582923744,-24.595232264827075,-24.96891458878899,-24.852892672185675,-24.985225427954475,-24.96060626311359,-24.492751459105712,-24.67105249119449,-24.92389352600827,-24.861022288520196,-24.8430746433083,-25.008270838899186,-24.919941261922858,-24.609226275730848,-24.619806353853285,-24.44433028752288,-25.100456548865466,-24.095877891829204,-24.74933345165577,-24.62065391281353,-24.84918089109531,-24.47713804666663,-24.519428359215443,-24.799663499295058,-24.30669417137522,-24.773553242725125,-24.63382085355117,-23.69457013210441,-23.860137488284145,-20.706359996927162,-23.896579151900124,-22.26851746135621,-24.311883115215,-24.276435481562622,-24.850396280927498,-24.866074735832974,-24.721692761632617,-24.805885901950745,-24.859869145790324,-24.649593173682597,-24.92381432210908,-25.22081227242834,-24.714179939116935,-24.66100232077948,-24.93748808527162,-24.994587634398897,-25.386612934620867,-25.22451237682216,-24.715794757218532,-25.24291577922679,-25.136498291478706,-24.718142814818123,-25.33440053274547,-24.870964493403363,-25.24398041601124,-24.957428335731485,-24.634502838755623,-24.85613703533612,-24.98152757437525,-25.00959312067489,-25.00125136751781,-25.16804776077939,-25.112921850469863,-24.180097019538206,-25.141090983006748,-25.370392534631964,-24.718522440105673,-25.155467901378906,-24.745415932405194,-24.85310943654885,-24.79396592010919,-24.63377174142755,-24.997953916288147,-25.043615716370226,-25.12265502230028,-24.719748536388614,-25.11748101947859,-25.209348493317208,-24.766355377335998,-25.105034630336608,-25.014428996105615,-25.070007945950405,-24.781272338565195,-24.692269107718367,-24.43109855764778,-24.754168785671826,-24.95158265712817,-25.15998574916297,-24.998538762855887,-25.184626095560784,-24.648385441824786,-24.75523014647484,-24.89723087557241,-24.66500935817926,-25.308388715253194,-25.2597942198798,-24.52255528806215,-24.520310111019633,-24.721829041393697,-24.482098767169333,-24.28730373586297,-24.90123394702632,-24.7546678088235,-24.97108918261469,-24.783040969298796,-24.752774046008383,-24.97219572271622,-25.134884387659213,-24.89459248394269,-24.897898298915045,-24.816654780224184,-24.819319104373886,-25.05979099009194,-24.99838128358555,-24.722864921962902,-24.953231081815012,-25.150396417843034,-25.219195122738782,-25.043486513176234,-24.865844563761875,-24.88935937088511,-24.947205626009087,-25.286614227907194,-25.076827258050567,-25.243284426997597,-24.652605890375074,-25.067882793086635,-24.931712802621423,-25.164142788461305,-24.760675219748776,-24.85383701382859,-25.198564244071537,-25.284862675714383,-25.12920864648442,-25.028537533395486,-25.00854340737306,-25.157714987647914,-24.972670046730613,-24.9486448947152,-25.043451921523197,-25.142145129481623,-24.60546365750298,-24.781150265505886,-24.687558607081478,-25.234409742103097,-24.900396605996306,-25.067271088531868,-24.757920021395986,-24.975612233166352,-24.655913191550123,-24.840111276203395,-25.040428394375667,-24.833270691739237,-25.37839145123831,-25.396875883815866,-25.249723594746733,-25.00970725375589,-24.98474995456506,-24.90360884218063,-24.86062209099494,-25.044108086764766,-25.26295713508304,-24.720920673761327,-25.056310461197288,-25.056067886445696,-24.96025282171299,-24.88631569972997,-24.946653956082788,-24.986685714420606,-24.746019015500732,-25.041199822834947,-25.17506648790174,-24.997033493389896,-25.073938388243636,-24.837150305282496,-25.243095177081862,-24.936301437217736,-25.005996860591907,-24.981113485957415,-24.69228234445516,-24.606919006179268,-24.79459989422361,-24.829594007190188,-24.44876618129976,-25.061103913401602,-24.523552604506534,-24.565863081134346,-23.93709313814501,-24.760575192733917,-24.303321187471823,-25.038141701196786,-24.962071206281394,-25.01531612231487,-24.978069486644255,-24.988575643576766,-25.09215744890391,-25.34172173248104,-25.379344732231957,-24.86876925359553,-25.14117281406465,-24.76238086293851,-25.258024934005057,-24.762826163635623,-24.90533645797604,-24.82985311953101,-24.809695061273167,-24.705211152684456,-25.19431105855303,-25.26948512321182,-25.07328784375394,-25.025083625076505,-25.013167523961926,-25.244627194992518,-24.798179911173456,-25.090461854664902,-25.14697255286864,-25.10473865700791,-25.22600416533074,-24.788145562473467,-24.690339976177885,-24.894381479595012,-24.928992727737693,-24.933343994832207,-25.087509146864797,-25.32036002507094,-25.054301427594858,-25.055193262040934,-24.949961951291794,-24.782902212545558,-25.184697089725503,-25.079365682101894,-24.75410096349528,-24.777717902788133,-24.762288174465844,-24.90072052396036,-24.4406297475512,-24.586367314068898,-24.66753688155749,-24.904060853400196,-25.083330207346606,-25.440345813334083,-25.03523056793142,-25.151772701213044,-24.736184784278382,-25.009767758919544,-24.989178575949246,-25.074056185337604,-24.65968926320187,-25.202233031441228,-25.07334751168622,-24.84601909040434,-24.634897017099334,-24.487057140378194,-24.352069471465903,-25.40592487731534,-24.91805139912288,-25.372575006379513,-25.31036542616929,-24.824334372706907,-24.60406223057057,-24.87838221879749,-24.540684698537348,-24.216650132437614,-24.460484736821563,-24.98292594483904,-23.981455110510204,-24.752413836359228,-24.8914104986285,-24.26967692367336,-24.814938233336477,-23.866007763009,-24.951593391359946,-22.849418415870037,-23.000444951292828,-23.51788191317985,-23.603867510668245,-24.771452237709134,-25.25835601659213,-25.02928105852891,-24.764809091377604,-25.01683887945319,-25.1734996139211,-25.01548071635188,-24.497462741313335,-24.984922885170565,-25.07101205972738,-25.121121329742266,-24.818050145855246,-25.364414494664842,-24.629460528834066,-25.077076607956613,-25.117604248935557,-24.922305325855923,-25.154185811847064,-24.875983642607377,-25.077718213057224,-24.69860006520393,-25.222883523392817,-25.079335018071085,-24.965671042868657,-25.30151505179618,-25.19421823496361,-25.009846666692898,-24.74760050514446,-25.20844456809418,-25.016473799790532,-24.930102064455653,-24.58554140624404,-25.295526539313816,-24.898281997942206,-25.012845724990974,-24.893224118438834,-24.759684417928923,-25.099480161692476,-25.152949131583398,-25.134117030571357,-25.05483997539085,-24.894180753202242,-25.01368169708678,-24.78846647059671,-25.149733883327816,-25.058805066676022,-24.97885051977691,-24.68932687493558,-24.650674535964438,-25.07224646918871,-24.886313609511777,-24.507628540255688,-24.373347869301494,-24.914451873521656,-25.440531020629535,-25.04737007327352,-24.26610697971426,-24.83430052214524,-25.178292561640504,-24.710031709732675,-25.038281931049863,-25.22472150413234,-24.78783540576665,-24.907179659744315,-25.011314472711536,-24.646617757437795,-24.99757796000614,-24.571589727228343,-25.22309451404888,-25.113135682243673,-24.956933898598226,-25.280386789848716,-25.183283724248344,-25.367618308666287,-25.13439922761173,-25.236660943768854,-24.657890797226962,-25.044480104459787,-25.13562668591916,-24.960432442052216,-24.542464060620414,-24.941046930222576,-25.1639077693518,-24.905179989235982,-25.165926810063905,-24.78611128586295,-25.169669730844618,-24.818426413207437],"Variance":[67.96643985043706,24.94464275703429,36.874954371459516,53.55364254188636,18.21231519171998,17.803256102991995,13.618210824115016,4.907349409307139,4.456004159141692,4.726184454612008,2.381774690203108,13.827848024499005,14.241075542077878,11.624124698148005,7.623284672961348,6.048069610299196,1.9787485071447084,3.6398218656595267,3.1892038023026297,4.574507198613103,2.750811955859987,2.8175553743868202,8.810872056611723,3.605755805103371,8.02792111776043,4.9308259294958035,13.747792000683127,1.8772140234114492,4.378548720031233,6.617438184837464,2.3124301164478074,2.5681601822907467,2.595548393840759,3.7295260036279596,2.742429843164067,4.175196214062639,2.5458426808557606,2.040086931295643,1.118906820190186,1.3248623548297718,3.9257369820307444,4.8106046482498375,3.196405715915642,2.0757847190538237,4.011464958848489,5.880919105948974,7.126667002958844,3.2896397905334482,2.0701531873977976,2.7440843415439593,2.9225745846968505,5.8904225283081715,2.3702239218802976,2.7889614747083056,1.5378892497821695,5.5835726584395395,2.9748114394979286,3.736582909096176,3.3804387101003672,1.5157802437206804,1.829947612992704,2.5878282460827156,1.9928906264763404,3.2310336598301594,2.2631878797125706,3.8793013698711096,9.32926098062266,5.91000453720124,1.8258522383504543,2.2343913273038885,2.2851796284087578,4.939324933999341,2.796760222328146,2.723694418057731,2.986951785785352,1.9336108072572071,2.6563223921863157,2.3212156948911424,3.0988637107569494,1.9068161378215718,3.012808058765721,1.0030676993326395,3.109745067166987,2.3127453128431035,3.7158391278340632,2.8992804256994655,3.8575695650816684,4.300560920445282,3.851947637575863,2.087566188908424,1.7904510008220762,1.4608802665816119,2.0971731937002946,2.4621410942385102,2.268353738570004,4.87694035471538,6.039938733765693,2.2597504494027594,4.833706382089187,2.610843553224723,3.5659821194717303,1.9555326339153773,4.113648895879518,2.843811319021682,1.7374414206677182,1.4085464366968492,2.781397930357957,2.2142334254932963,2.570984121557161,3.881773402268869,1.8133623715104918,1.7798124778672915,1.9227759411452023,3.5975661552153158,3.801535357730598,2.125153841773712,3.484307503529074,7.816583513161682,3.3906387636777855,4.922598757576705,3.9766349800703193,1.5716956861867772,2.8703883515104347,2.4918808408793605,3.58317908094011,3.4459978907240876,2.825023835871569,2.6014812716141247,2.7682236099745627,2.423758929659245,2.7456969502315656,6.278538144111753,3.0727907898071796,4.020103258919623,4.090049259300544,5.621205748617784,8.94946005591703,4.9920944984229605,3.719982365003408,7.26526131768731,9.979667898014213,5.616434796291202,4.0833074635841164,12.225958055280316,4.300186377340687,2.5113447972181007,2.4318636794655264,2.909629614278808,8.323018214280392,1.8027240189881875,4.102677572040384,3.1733009767648577,2.0099739107996504,3.8457447802166644,4.793804264238899,2.428286682881147,2.2128462177827113,2.45917764605924,3.166573604594321,15.82215479992007,2.3589388316112405,2.4905322258840403,3.253453275813917,3.058447430148638,3.8300869102172745,4.527819053404679,4.895540926400868,4.497026698884596,4.175632308768774,5.185275584052502,3.629966988644827,8.030797856064268,3.0442913980123922,2.734678112227048,3.3210163435309656,1.9084648183845299,2.3477560975328746,2.572331764127163,3.4530381003063146,1.6250849499402173,1.4762905073106152,2.0983578373338663,2.279100365491462,1.330123022715787,3.2726485694300704,5.8605108737357945,1.596635341706272,2.6911446082547763,3.8281223591836393,3.419460100134244,1.7000178044915144,2.791576560788341,2.0036918493154734,3.2838635075174185,2.919809793827678,1.9318483546606875,2.7348192215606577,1.106143258639914,4.8512074952002235,3.1837802151250916,3.5081229951474846,1.9800138618592373,2.963011885448738,2.1908360361910235,3.1431418353797973,3.4948898754363933,3.658919685424058,5.967187617278215,4.3175513406932975,4.173763378610719,2.481969193776439,2.9928371723522336,4.177500553164082,2.0959871878954206,3.3981360340264635,2.0398877709881,3.481576108292426,3.3146892741460414,3.395042968807735,2.794272683355311,3.447046858738623,3.314958140695611,2.632674684260601,1.7829702247765682,3.178375688943194,2.8046346567849536,3.3265977809104,2.409526230718609,3.8516151266582392,3.1836874543256357,3.2465872375177462,3.6485331835235066,2.7572113206408257,2.3320312549305435,2.6492203270515984,4.091984591603709,9.263121268619582,3.864047011666533,2.8817704257024386,2.912349142457891,3.1093746063755408,3.223109680437247,4.3475586142913585,4.283253848470075,3.3410398111479473,6.55660542351966,2.2638908731145464,3.8599912627602384,3.440931825866776,1.5811526982880135,2.4461544069499137,2.405808644067511,3.3848804685933285,3.6390061716734063,3.2952541022834994,6.206396155379851,2.2014302664986998,4.270458416272865,1.9639438194869832,2.014442295951029,3.342106854265056,3.4412066746650325,2.8019298384892544,3.0246297028855906,4.10812331047889,3.395185510797904,5.0818554962230476,2.150525727908362,3.9985924918855327,7.008945610483817,4.125697091644694,2.356128400013107,1.6491874010933165,1.6735906140585137,2.6271016491179355,3.5663193552932633,1.8931699394123467,3.9580077426728653,5.081183508502059,6.970176136885456,3.4417667849126845,3.7938720615929,1.5035775658581603,2.6017656558038693,2.9903748313784924,4.064794502634952,4.5337397914748525,3.749127459757691,3.3620323562019117,5.009209670296789,2.805864966339724,2.7300994317664893,3.6157359537711367,4.034523695702307,3.45793841041308,2.323200808636981,3.614302786296343,7.086991674172895,1.4684568239015792,2.5496241157751394,4.029661045658168,2.3639225557641,2.9156633815810036,2.6388959212680234,3.619174991062211,3.296893466267882,5.390768762981091,6.252286782850422,5.036104101150432,6.007991456571181,10.886596339080295,6.592543694468459,5.537677594564245,1.9080749242696526,2.281831532763981,3.4963156672348203,5.2782715052780835,1.8196261565929317,5.511711433088812,5.423779704751435,2.6908278532971024,3.6399053268394517,3.944302977010546,3.0806780612952727,7.371981411661647,5.038791223883709,6.170627203904406,5.147732897229707,4.105527747551577,7.530955441787019,2.2776663772617844,2.2644576140220605,3.5502540259058266,4.205106670930192,4.019972201013492,6.086787495037946,15.781193780185792,9.22984867636372,14.678655171644944,4.46379954292926,7.377522857344559,3.5547842949074258,4.833960479022146,16.18188706175447,25.957184218695993,7.766437715124074,8.488473810245434,3.8463943302943218,4.890127775880035,2.32409657960348,3.878732145337503,14.258337793779866,3.9456153648890555,2.9239218368531628,5.200680397590107,3.308630506610474,2.632285325591459,2.8581951389938807,3.5374131768315253,3.255050068128892,2.4282255900905807,2.398603800037867,6.018510994093484,4.164266115445831,4.396466508151999,2.7473416586320463,3.9349279904340793,2.64220803840106,16.89426426742485,7.356236740486099,3.035300186752022,2.1563570460872827,5.645347726131659,4.453072638190924,3.249441860750794,7.62620085572222,3.2780997600227684,5.267134198601505,4.396519247149911,11.567791127159813,3.9184230621716587,5.434924581190309,5.299839921400986,2.957673353882126,1.6778152499023267,1.6105850458560644,1.865034132530142,3.711733982027116,1.8108856021629174,2.6323988066797215,4.007590579013898,2.9213929596168695,1.490176533906151,2.1977620859992535,1.687536845932788,1.1499374148695334,4.014718187092615,2.949891216235141,5.280812422772453,5.251441953472112,6.038026395525479,4.777875784145033,3.824834974073308,2.995092410775638,1.7381561627855835,4.237647039376594,6.605862521577665,3.429772403455082,2.3627086149552743,2.605189458387913,2.971748648003697,2.754157386195169,3.1089322474597556,2.2988703900963996,3.2361078260132565,2.948555307562149,3.195355849259128,5.740062041349124,4.08154018065448,9.193174957832401,7.500434044865862,3.1692229399563505,2.8554838699239307,6.462335782610652,2.2857415939497345,1.8512799230257408,7.232434273546969,3.3638110980998484,3.7401188762617954,4.677345417211978,3.2304383186749814,2.2796501555704336,2.8481386003000555,3.7697769675772603,4.381692871835641,3.278878701364795,4.001919504538604,4.383375393098955,2.039552596029905,3.502882178234392,3.4299796118374597,2.5071667046088812,3.832537664017571,4.6394284440629985,18.380224657184165,7.4395648345955685,3.477961554698533,1.3056334652460833,2.588376958279275,2.0228147860511507,1.9212582319363152,2.6716132548551665,2.780285611382545,1.636021759746075,2.444040241991374,3.324588932136273,5.207796127471671,2.0829288988982926,1.7908239669458144,3.2774630047649542,5.20972524623131,4.937779391459873,3.3320362071784766,1.7287171165578261,1.5371850572068695,1.890123084679733,2.1475767694674843,1.7604212027284791,1.9837988159810762,2.224453642645619,4.336929914248291,2.506745478771566,2.239906342399651,3.188197714628565,1.1506218204084102,3.6623316381717634,2.5884326162862217,3.8112039842132734,2.4402081822414328,2.4530895336196714,1.360432345053157,1.5059101026925044,1.4911905519731659,4.702069056515908,1.5591620738038656,3.153409164395347,4.410608287290199,1.2561524786369578,1.381608655940556,1.8489510201448094,2.3501277232542863,8.253149571177834,2.6482416828432234,2.390016248884538,3.6262353889109917,4.078655604983652,3.6551779956701895,3.1987431600376075,2.060017889952271,2.286025196253896,4.3268636848367965,2.2838095601421045,2.5798221692720453,2.7296407622652517,3.387529553122962,2.6477812891228316,1.4902672238513948,1.452644206077317,1.3879649408403552,1.4584582005431335,1.5425109499350595,2.1556917566327702,1.2193343464763524,1.4802426067474266,1.8349486709864944,3.4053929273643515,3.09512947548376,3.4245912796364273,3.0828292022081225,6.971415875618355,1.7626218938996474,1.2576222884038244,2.5292420041443338,3.0137970226031783,3.250765848495531,2.139256327405599,6.866575355606271,2.8883140763376316,2.4011711365042094,4.005767076822162,2.7402227985306715,2.1833594345375897,8.89280140217593,6.986698272660421,2.6704923117582733,0.9822126610011586,1.9922200867330655,1.2108409158425373,2.657142299571356,1.312856628623913,4.214196146357163,2.5370578528410452,1.8665649296104436,3.730738925915677,3.0526448404297644,1.9201376319736574,1.9899949361552585,1.185983182605261,2.798316126638191,3.2419562424918715,3.4162604201403077,2.433358388730139,2.807786511740328,1.83460204069016,2.7048126282501195,3.894954854316768,4.8464123720371415,1.5146919328325468,2.323855368230963,2.7773973787406927,1.7818735390415346,2.1023392132500804,2.627167719095925,1.6881070289324924,1.7162112182591767,2.868182249365786,1.7027012540023456,3.690306927724465,1.3169626680606394,1.7060985410507885,2.758868532325717,3.4539526183477456,3.4256263681575105,1.2774079856972378,2.4081824094076834,2.0711777018726103,1.5456114451215224,1.7026731146064464,3.0055907939737465,6.547981607115668,2.6094089277156707,2.7541179649844065,6.9674566065156665,2.5956594113272193,3.2481003202950633,1.4712095352147587,2.4847889297836696,3.3072672559353897,2.5695208733496706,2.6352347379257615,6.631294035584939,2.819105042983095,3.533543149734826,1.422598738302236,2.14679012667066,3.329131232313036,3.56188908776262,5.998311885706017,4.054880033709958,2.364950547956554,4.708738691715289,3.6479637311114907,4.54394823257468,2.6234557582097056,4.233649766352842,2.594113835954255,2.4483944935636712,6.293757741539771,8.06158374272981,3.9952857066701077,2.8307570945428338,4.144797435787352,4.15010539922379,4.604731727795105,2.617656548973849,1.899297742547342,1.9838609975127104,2.690469373041312,3.0058838026317765,1.7439310826522543,2.203454261166736,2.2515459795302526,4.098304662801008,3.743680446534267,2.645072062350473,3.5949278051702978,3.060943257988627,3.589694574380149,3.3041572446522167,2.8581161800947568,4.409001763143587,1.4070652693406402,1.6626165836467497,2.414655743727967,3.23258867136602,3.520854480742704,3.1413486394266963,5.329738133666812,2.924509083451863,3.715052190077848,2.738421193452809,4.063982761316391,5.12134085030657,2.118337797327693,1.7935702791105035,3.0306052705719475,3.1258989585437833,1.845445964689429,3.33147936324184,2.573678998086808,3.474678487018573,3.41300604746533,1.8174504881745115,4.24398261775722,2.4324687888952576,2.2160900452108505,6.5767804073439,6.060495629508249,5.21897245967502,1.9660625067469164,3.8092682331318066,4.637755425132976,3.82414924740155,6.667140359963281,8.733803371320143,19.76656829275357,4.320732400611719,15.42697244889537,2.6158936943241184,4.676466495776128,2.1298157900632333,5.376701774238022,5.07031192164323,1.9205075050592573,6.306182408157958,4.811782044100454,0.9594984220496974,3.1527978322720416,3.8122760688091897,3.2826852147906616,2.1453829361649484,1.143854462100512,2.9268694324854967,2.3601592212391536,5.765628795006242,1.0089486147698554,0.9406380522604229,1.553802512749547,2.39361001720045,5.909560209452394,0.8981597295456731,1.675327374946823,2.1581324161788284,0.9969411666845961,1.2799213188699148,2.4565291766242767,1.2958740916082556,2.314641680758818,4.382967538931925,8.626819720828648,4.284231088941695,2.302158709578938,2.2346613877122716,2.0530171629534015,4.206293141864149,4.851804256485957,3.6582109661890314,2.994414945662081,2.348160823849768,2.34302813939956,2.8797912972438295,2.8082881869245933,1.5528080019118051,2.606427613328057,3.831942049706214,1.4259382165556842,1.7105953819471407,5.2913737041950455,4.05943780367198,2.5199317717853207,3.208288883550974,3.442596072372056,1.483873816655107,1.4518462080123369,1.8199026558710998,1.4123858892133434,3.697739411349193,3.791876199910752,2.903842778195603,1.74457836240082,2.1231397973602855,2.274704693014737,7.638355176710711,3.3400077358669256,1.9126689041858298,3.3123151743661547,5.027971906566265,2.3337023745969137,3.2009774496103107,6.049878319789526,2.76357456177971,2.2789853802445013,1.6417499937027875,1.4569362179039795,3.1392638240512163,3.6783539521986404,4.487124152358177,5.63980648390224,2.8114760114576582,2.486368143494187,3.1231478408781816,1.4034370773080833,1.7808568981213937,2.384085604022854,2.474951700603531,2.2567828116845043,4.173779032945744,3.8950612294275504,1.6910191590404855,1.2009499070770995,2.2232163910528357,3.6397222678116803,2.021133342622064,1.4711837171455096,1.7852946496635946,3.2204649096911364,1.5097431969014474,2.187269384276745,2.7972538313288546,3.9489632533635173,2.3642463152370565,1.5543407751316913,1.0865344290085368,1.7443756469553287,2.0098099396597062,1.0719974447133398,2.1319558927543283,3.859275977005736,2.05677784925041,2.889720521307037,1.6728464808391665,1.6708935890659264,2.215730627514098,1.9203272083423393,1.0007998230297845,3.4336393207893297,1.500883035654892,1.194380370066927,1.7827992361228266,2.2858775000449705,1.7175502635439717,2.885569071800197,1.713781246706991,3.489702780777115,4.127879076027018,4.049600880245197,2.7424263016319803,1.649722635718443,5.606749131379368,1.4430700871956854,2.0102724917491557,3.4457915664170886,1.725166440949157,1.5318295486689641,1.1268684884328217,3.554883651731029,3.529492163966885,2.1417010420667575,2.299907783149635,2.6028022072285557,2.897480186677999,0.9018320432257246,1.536817807671031,2.4785088976520466,2.9949700392825784,3.2229469539292683,2.3843065467491202,1.9933736402826825,2.3099650204010653,2.3264635189470084,3.1638619107038366,3.6264576954355294,2.551750539596849,7.5440802866048795,2.249073428237298,7.0553731467972085,1.1849753885110152,1.443303982115534,2.515729266530323,1.370789511081359,2.020814142761918,1.6140791403436923,2.0684611174130496,1.483726671731002,2.566849653908888,1.4368618235911201,3.5153497261945943,2.0071637810763177,2.9422188886827914,1.2047731821376768,2.818420361487412,9.522422303893439,2.6978215912188377,1.5915235606794578,1.03610186422055,2.2555809843463415,1.9656119426591174,2.183450870282183,1.3984866917831553,4.5613441586126395,2.235788238395299,2.7260216643942816,1.8152255106316972,1.7976369018827567,2.3256964229723325,2.311591721258001,1.3663671750419244,2.4460116386956408,1.8791837120915105,1.293856181114025,1.4556459572348652,3.565831308234145,2.398137379149453,2.372616670349351,3.4617751305800546,1.0277189185285087,1.842644194051331,3.194009754116286,2.825476129406979,2.4428372951837,5.723216191634174,6.936058299614384,3.0932791510776987,1.5890014558876921,2.606347037770276,1.3925194101141627,2.9365591953186017,2.1490276672151682,2.2213814866068473,1.8761399498382352,3.0279395683701016,2.1593523217404065,1.8290294679220995,3.922105322197252,1.4978623741036072,4.983301695897904,1.7684004546186887,5.146381356608057,8.006387709231934,3.507588087632066,1.6036010750632985,1.10302561360647,2.3416689973081124,1.5642364715698303,3.3200451727157683,6.302664450032452,1.5965636427159287,4.2195584493635145,7.042861777790098,5.944136404589835,3.0787504104243975,4.051604773752841,4.793653717377477,9.293534272336986,9.125647788831511,6.1064470906564825,11.513212902754173,5.004719079709071,33.95049292729822,22.109647927820497,11.10514862674919,8.133806330708211,2.1222711314413822,7.967641963818562,3.0371717641963367,2.805630842016532,4.565077337340413,2.3883912037589066,3.144295980720721,6.821980476974648,2.364673072701729,1.4369165158505797,2.4272821296134883,2.415233266905682,2.8324472347763816,3.4487828544037407,1.5040477698953512,2.6994454510673,1.6256475382170361,1.206146858103192,1.7829999411868038,1.7033035473674003,3.71853900558548,1.3261271560102188,1.8634605473893548,1.703060556707372,2.403347739846014,2.100989280237905,1.1874009741277087,2.3311412753806158,1.9600522171203525,2.7999074237105286,3.6378746574314293,4.147512148609756,1.3383648628758862,1.8883123870347855,2.2088587368869703,1.875719990880627,3.2119152211802446,1.9442783938305217,2.2967297898572046,1.3458826456652728,2.3943828720933156,5.529903904009945,2.1018315342401483,3.23059462957107,1.4479850601513156,2.266904653373304,3.698010882033519,3.8919042221447837,2.548680181169398,1.6817692147838605,1.8701146642074402,3.776434068475168,4.095858075277805,2.6911805546271177,2.8625587955238005,4.360993981819554,7.325641736265371,1.4367953960804984,1.2375056590959925,2.3213846601768657,1.236456313356277,2.595525546319819,3.2456808392484637,2.837175938050526,5.811231876472962,5.553706168981918,3.296913478991039,5.195652850152955,1.8373992839982098,1.8418378014724976,1.9888147018860747,2.1791411094723294,0.9926671508948145,1.698325069318394,1.164737976986049,1.8912613485463545,1.736922823797797,1.3392003006326503,1.739498301394694,2.604392983169988,4.816847766281218,2.0315171422943186,1.9306072816606843,1.7922482891438234,2.1695485727498056,1.832897040981855,1.0773748108275174,1.8658615737927375],"Sigma":[0.9217232094232171,0.6636480033887731,0.8365338173350645,0.9354946663757084,0.6079580153528922,0.577949468821386,0.4216332992540242,0.2665196606283555,0.2839821866839681,0.2740517793015785,0.19408548825900798,0.44745067250388393,0.5534553245995681,0.477449634736904,0.3033507726583953,0.312740605338673,0.16443950664098897,0.2360440429765922,0.20748205675315975,0.263009292755302,0.2396845814782587,0.2155169667982222,0.31344792621803436,0.25243509403345454,0.39030499912236466,0.2934139307378061,0.4385843669929093,0.15365825218749934,0.2583947340781338,0.28691936965861825,0.17237843844384143,0.19656891278190863,0.19946462806621026,0.20038885201414777,0.18830367588429467,0.2544071584738328,0.21864539279216463,0.1774305951443744,0.13252936034963572,0.15622802295469937,0.29657824842049685,0.26514836440984135,0.20849273016448333,0.186280104156842,0.25854755248831046,0.2946324211716192,0.3238662589180528,0.2146393322534416,0.1795508594927005,0.18423918904601044,0.19484483701507382,0.2644703135745116,0.18879933393961426,0.23147474281841013,0.14190638505471787,0.2507294867375829,0.18800722942412088,0.24310940524285551,0.20983875761039245,0.14415006246944026,0.1398642657194688,0.18536566909312233,0.16818487282571187,0.22963128038517638,0.19199590250401355,0.23044342206544763,0.355517646806446,0.33671543112844593,0.159112604268194,0.19052151184594893,0.16914504493873853,0.2761796046899595,0.20080469004165794,0.22291510109007887,0.19913026921961036,0.16487768898259192,0.19280718433517496,0.17853262072363082,0.23547684470445662,0.20265624159765783,0.21079047567959383,0.11918206631578902,0.20857624001725597,0.1994393938366183,0.2504951425409552,0.2392384651171609,0.2490417495047221,0.2566580287591279,0.22290371557029287,0.17565802659000346,0.15293761029577446,0.16745728444453373,0.15861860351849247,0.17737598570298985,0.19836419544235512,0.29126560968861637,0.3138544325082663,0.20923935601564414,0.28417449597215605,0.18256017475764683,0.25449397251209577,0.17882046768797796,0.2374815082620159,0.19991427555348823,0.18222410065185143,0.15026233695302707,0.165567931678799,0.18882454149200426,0.18989115123777275,0.18042134134612775,0.1574981617792177,0.15892365301357314,0.18188514272540549,0.25751610341660597,0.25431039080268425,0.19836468010995173,0.19972991760292136,0.34128784896610836,0.2265628739292933,0.30893277180608747,0.20370694722814353,0.13829211039122716,0.19719787024780128,0.23104761728115383,0.22056483429900223,0.21478600522415758,0.1441298079326804,0.2071027884496496,0.18475643017412322,0.2198886878887514,0.20687213646494876,0.3354339378079924,0.2223986251671838,0.23943974763231507,0.27468204135906016,0.30853472218118577,0.359725799239775,0.26360235129850956,0.2437566030757868,0.2979524497279492,0.40643798396840847,0.2713778117729009,0.268869291702283,0.39866483863614244,0.22226250088169827,0.18949147676611566,0.17194838155447303,0.20637394916493884,0.34551232727800874,0.11862582515249075,0.25711560913453135,0.1979750380464567,0.1624814968896825,0.24685332692516482,0.23127936301813112,0.16419549076416365,0.1963315344664727,0.16740717235421018,0.2557402967820231,0.40019192345545357,0.21555714720392763,0.20087078297709215,0.21841001680551264,0.22499335377058477,0.2671101978388998,0.3175460441573408,0.2553191134026214,0.25390861822364474,0.25038437668143626,0.27976865283688823,0.2296631087057875,0.27326074450082694,0.197631089651888,0.21007572069814026,0.2096580274152767,0.125870878465008,0.19871771272329525,0.20974922188270456,0.20717679942902403,0.15543681173584042,0.1518988937469326,0.1830302314086892,0.17545554434455082,0.16968321649846663,0.23262186610766603,0.33068514309869884,0.1666284756101485,0.24599302870445192,0.23923976943840208,0.2293820929711619,0.18341118879874832,0.19852995680370913,0.17007616912174822,0.21404699222298973,0.22339271681258804,0.17232064225873842,0.1909521916213469,0.12706223068151565,0.26553880316553313,0.20079568473103113,0.24464191237267388,0.16723815466794903,0.21718329113469567,0.1911143771223905,0.2503874533544491,0.24673673191086495,0.15696341984550477,0.2916023457333277,0.2553505557671913,0.2310854263796729,0.21013210629352608,0.14639492855317207,0.26741832602668314,0.15887441668893057,0.21663043268685128,0.16750942760071003,0.2658381095007871,0.2333913856393313,0.23473399835716302,0.2218171256565631,0.216432007581396,0.22875647522324213,0.24507246450192544,0.18046453026987214,0.20755119738370123,0.20217211023426426,0.2219912983454911,0.1955110523064813,0.2654993147868179,0.20243699410940297,0.2529708388983689,0.25650652890550113,0.21778703827068482,0.21417354798527938,0.20836823290350986,0.21799015860802368,0.4179123516015282,0.2543786850673485,0.22953657338121197,0.20186646720707777,0.19935447177845447,0.22344324296727516,0.2774214668305247,0.2624867240000163,0.21673638607119874,0.3272365962430156,0.2000252457766176,0.23100724591411692,0.19053706498197812,0.17665919282293135,0.2148434951346067,0.18244456323295183,0.2433645581664019,0.2369693501470026,0.23694946250284438,0.336809416918726,0.21185423011861623,0.25491700040763726,0.19677682736154387,0.19547897183402155,0.24530558144219006,0.2661545436958354,0.20161613464535405,0.18124583870832325,0.254602647754031,0.24727841104018627,0.28525296577254133,0.154363325169012,0.1849871939224678,0.3241634094074872,0.26408615849339884,0.1747243257943335,0.14311985690951046,0.18239832854424617,0.20281660128902296,0.24186408507514937,0.18856904481178213,0.24258666484599656,0.18387584713377025,0.34615862253365454,0.2507521903280442,0.22916821570740015,0.15932846030429795,0.18033984502827904,0.211956571929864,0.24518949410867197,0.2900179926512136,0.24491193416872728,0.2421425893219969,0.26895220737314673,0.20424808362664204,0.20384458295445415,0.2310943997017154,0.2859535853738133,0.19917004702849403,0.20342285382584,0.24251420462840037,0.3433443977086205,0.16836134715259968,0.1768509298440833,0.26120948542854766,0.17295900412906287,0.241955645232087,0.19563406555270366,0.26321267152071387,0.18741820761684125,0.3534874766911084,0.35596925186781503,0.2553824970685899,0.279139388848716,0.3782167952699342,0.31077139352925826,0.31148834050118185,0.19913446912348157,0.1915815603853482,0.22470054516308974,0.27583027391251674,0.17787599847519633,0.2867620344911878,0.3332442386743115,0.21106096953919368,0.2615179192085209,0.21484795623962052,0.23352373223510453,0.37511521178913443,0.2800594069534393,0.30452007842985407,0.28983758808356513,0.2212915437880937,0.30924393762524416,0.16686192697763444,0.19529059609689287,0.2273582661673618,0.28883927310701857,0.20804585620161894,0.29218767196227413,0.5093180062522601,0.37621723175764665,0.43300898395595244,0.2693681341130229,0.2841773894509971,0.2010859751722018,0.2967803809602189,0.5510717215201184,0.6490354227498647,0.36278984764004835,0.32744394851360953,0.2161082709910753,0.2650657830250424,0.16835675736147246,0.2414766883019372,0.5527779583934105,0.25464570658990493,0.21542021521428567,0.30305139938816555,0.20476473246467597,0.20701120110860333,0.20942691357285653,0.22319416294673228,0.20343947602678955,0.1765896896735042,0.16325228239547637,0.3611868596609995,0.2279899969432825,0.28371947973525286,0.20603244641048002,0.2699877433766359,0.21248768590442585,0.5672723882751188,0.343768006072279,0.20546441104944813,0.15090841397041266,0.2876485560630751,0.2884358135422714,0.21887810952606548,0.348768138406293,0.1994854236459308,0.25393010884272504,0.24124311906465523,0.42388177946972144,0.24601177569466373,0.28423350101986317,0.27956775957944396,0.2139342675625838,0.1459698833289136,0.15005406712971156,0.16270335503880112,0.25479380795464596,0.16544601828703046,0.21104011183491833,0.2227769510687648,0.211086476646154,0.14034990933044064,0.19151769799019513,0.14916029128133965,0.14034907825852067,0.2281153312397178,0.19211519113568257,0.28008659674175385,0.2540114220852135,0.3093157367182117,0.2586947522804043,0.24821281975436477,0.23722479760060453,0.1768811277909238,0.2810276256770861,0.3486904652282091,0.22528843034580323,0.20019213905441807,0.19592326268580387,0.1930372782023344,0.19217578130904814,0.21865672497102293,0.19374982826735387,0.20133081291409366,0.1818445707421025,0.25314760165096467,0.28999963901875986,0.2397244907676548,0.27937525562079607,0.3350311027221781,0.2158294275048921,0.18709243099724646,0.30376099570278425,0.1867094749463099,0.16359102607952442,0.27429289748332986,0.23426395235979988,0.2514492272812821,0.27736253100437913,0.2291886852434199,0.20233581994987843,0.18659308027424018,0.20422301067697166,0.23619341960909707,0.2057022949323221,0.26411514428304356,0.27634327419148924,0.17902183535458918,0.25893705786431526,0.24754325853415773,0.20518974081677596,0.23190116156071552,0.27479132401889034,0.5190142322774245,0.3304690781557058,0.21712237202794352,0.14256411623843962,0.20575409692671037,0.2122096868577242,0.15336987510358385,0.1975453655190802,0.22242328975088427,0.1636136710600741,0.1905554785140296,0.14549419917209433,0.22417981048609806,0.1827803555638243,0.17721751371083588,0.21331297128485963,0.2725815811130969,0.25732888237822366,0.24879858448695716,0.15571660219820657,0.16445019889435564,0.17611713809283236,0.1653502735591721,0.17384584682820214,0.1805950934987911,0.1791615525190979,0.2267612025468483,0.21907305631803933,0.16767628330153916,0.2262052066191426,0.15172763387259072,0.25959893696657205,0.188793065477601,0.2596495195544586,0.1992459708097231,0.1720468923189884,0.1372169273500923,0.12753564271748316,0.17782878416476458,0.2932993526960561,0.15785730578685706,0.22735207052012488,0.24876797621663332,0.13620318777550078,0.1386687378289923,0.1767639609223723,0.17744205640859845,0.38371727592954896,0.20156708583553395,0.19237288549285966,0.2304837616630216,0.26411003932224797,0.2396134454520593,0.26452633778545814,0.17976661412719386,0.15128308769069243,0.26090259704087065,0.1710696957727915,0.20471847499908372,0.19172979601553405,0.23058052823116398,0.18486950644626057,0.13232646607027698,0.14651005269669307,0.1334608859027549,0.13867021502695986,0.14011551935873956,0.18543709087140767,0.1352751340294429,0.1674633200495389,0.1725263698790926,0.2507922485861,0.19854016262020702,0.21381578661658068,0.19793444300783444,0.31710624764069234,0.1444551361773186,0.14736196707999577,0.2128765321222701,0.23383943579953465,0.20177260836649316,0.1682511633828627,0.3500953626751145,0.185419103220302,0.2000098566883043,0.2737920871364537,0.19147889401465915,0.1817989866157089,0.3502408696783616,0.31310075366692813,0.19833305748934568,0.13019090026096322,0.16204615162793745,0.13206223892245156,0.2035596899800214,0.14574798965395122,0.27269170099491846,0.18639039096341764,0.1820201394028403,0.2575227557170857,0.25070358664163794,0.19703446860411808,0.17803212915949593,0.1449455200847398,0.19961540826142174,0.22756786405819493,0.24600297708455243,0.18025247790957036,0.22319264537718397,0.1530432594434429,0.2362703668523893,0.24519906765890134,0.28789897156394295,0.17278432409969108,0.17937197165794627,0.20824785723820705,0.15857467941907064,0.18785851691378658,0.21407037957716882,0.1591094157369592,0.15301559485510163,0.21744605509666184,0.1477800415362234,0.23495646552317279,0.14586153525918258,0.15559661763490062,0.18577744956478942,0.24432690363591597,0.22348526621839146,0.14280418507227874,0.16219708590239193,0.18641225457202587,0.16605012796425944,0.1505371832509522,0.22929552141469198,0.3485993833592387,0.20252394866909143,0.1843274557720255,0.317707179287148,0.20783089261955817,0.24679991193013845,0.14350683293436595,0.19883800411702382,0.24411151778956772,0.21756113497066265,0.18311599010949892,0.29019391966790903,0.21661584849553134,0.23335817210130602,0.14200581510908974,0.17972241134664768,0.26426162193370667,0.21520135844700708,0.2966449240305816,0.2207225276326953,0.18877528948918051,0.21955379684828447,0.2114069658448688,0.29718977056252266,0.1849286851075978,0.2526412291862077,0.17468115651707908,0.2067832072096708,0.3562515555664621,0.3331945752177938,0.2635031507665065,0.19499936704525256,0.22168310168695776,0.24883143219178552,0.30023915119028033,0.1918016332862746,0.14501057440295748,0.18587149556404797,0.20596028814782322,0.21056203636465137,0.16419319111913044,0.1674231782019148,0.18603521043333002,0.2632935160222885,0.21480579249207202,0.22128863313473884,0.23010748397214645,0.2437277260851203,0.2549900444343921,0.24721011964399303,0.24013017960851937,0.29680531368791263,0.16284339241572687,0.17491237027227724,0.20632125097240064,0.24157908609874035,0.24926852125929022,0.21032610331343396,0.29240289271405956,0.20285917125523178,0.24169331468672073,0.20852558688796574,0.21193441040659158,0.30953435836186427,0.2058599700645407,0.16280647930817746,0.22145570049192562,0.23177745023596136,0.14838226359184656,0.2246735500543144,0.21197749605959318,0.18807397359344555,0.21280194780584974,0.15161836203361406,0.28102105631098506,0.19833961809530182,0.16487385899607557,0.2975060347125382,0.309747513426392,0.286348585665779,0.1687657172319396,0.22485365471971905,0.2945592520208095,0.22912610542064424,0.297315904737011,0.3229687898975513,0.5523235973387837,0.2703896178702333,0.5516874383234062,0.18940991931964438,0.25168369105781946,0.16759375839612972,0.28787083301321276,0.30243321266341705,0.1637939500128294,0.3396380012567531,0.29428408604375556,0.11666477613725837,0.21934539318814067,0.23300566150197358,0.21613592122417907,0.18922422069220607,0.1341270909410697,0.21655088752419066,0.18861145321361542,0.3080074883433174,0.11565374861943394,0.12057106157186086,0.14576619072908234,0.20185583319855013,0.3355743741513626,0.12409073813029933,0.17485763432903753,0.16601736260010577,0.11880633684687592,0.15070685439072457,0.16791476356493923,0.15581615479892422,0.17509696087494328,0.28692973075961425,0.4573967322898035,0.24155573056214075,0.1633815239729001,0.1767117644874921,0.17873956752931192,0.28865917985428236,0.2731770118891584,0.18371454523955605,0.21621497195601144,0.17190008193546338,0.17916693110103896,0.1871732181103276,0.22226241855154058,0.15283221103589922,0.2015659923453709,0.23596730459967707,0.15537261652167972,0.16127902028837454,0.25827213498706436,0.26620807556536075,0.19476999416740798,0.24886667121070524,0.21124320181288664,0.13456344459606467,0.16250309456312748,0.18675799778258015,0.1456803830889137,0.23589420835437896,0.21776349135157982,0.21181556071307808,0.1706276420065719,0.2079960299352513,0.18869547912342713,0.3305893722258284,0.1759506488778243,0.1779045488825876,0.21564012902596827,0.2874798094635567,0.1922564259550136,0.23055831462821985,0.33689146873486714,0.22873325306079606,0.16406431792791928,0.16134430911366474,0.15924597962797288,0.22151236766139448,0.24758203970057022,0.23746388913562222,0.33493056740332455,0.1786741567898637,0.19690628197246826,0.2236458471471875,0.15083878791792046,0.16177108276920826,0.22493573376531245,0.17970105747133802,0.20717697986147704,0.27984693923373394,0.2394569284489619,0.16906835939014578,0.14808519533767342,0.1758506844866238,0.2608574243454306,0.19538400010852955,0.16704323754051345,0.15685792407999766,0.2219688192176712,0.14455994649845819,0.20731736990806734,0.20998433804021044,0.2169004248124059,0.19645174282369382,0.1658498264554189,0.15459037849346122,0.16777557412344105,0.17612860539179095,0.12341937915687717,0.18851093627953944,0.21541274490748658,0.17882797239708229,0.1879483891747111,0.15571553111107916,0.16978687018234342,0.17781155361319836,0.16184736904042302,0.12766135381386323,0.17946331820875006,0.15904148853335576,0.14591103818678558,0.15752971482480987,0.1965972100813512,0.17579229773310306,0.22133389967997957,0.15417236190826322,0.2449263850340029,0.2725279125981861,0.2922050390316669,0.22420777600628433,0.14847620531654016,0.3146707524216471,0.15343384151652606,0.17876036555736996,0.2081158138342553,0.1607282872476635,0.13176789539676576,0.11445876506732787,0.21775839388124207,0.2380850776937595,0.2007022198523141,0.208723798181998,0.1881655816562465,0.1909310987034547,0.11040644641565585,0.1606016433832976,0.19844364922715602,0.21206128962509624,0.25701648285157674,0.17575630392428807,0.1786858384772828,0.18717760803220615,0.18594930117831593,0.2410562954166799,0.24883296715786957,0.22241811688625643,0.36684959779420234,0.1727073702602406,0.32502497525906543,0.14949891465019727,0.14091072586782558,0.1867655697185222,0.119508370420607,0.1734330364990913,0.16360595232907357,0.1759098890168748,0.14693609864216803,0.1766177826185543,0.13609777980356283,0.25462123273367365,0.17761613184033026,0.21326126899323797,0.13880729481501597,0.22524895936558048,0.3908136266125677,0.1968848945366559,0.14940516127513448,0.11744743843946774,0.18066914053311017,0.19233553780161886,0.19828719678611753,0.14649081764020302,0.25019647618738095,0.19571063272520486,0.19954545720357653,0.1534572884435972,0.17777854716570177,0.19789489197422844,0.18954566733000566,0.1441293748688464,0.1775386961063634,0.15284303152765896,0.14779195838887463,0.13866079181940005,0.2379058462098326,0.18398847327457157,0.2178719161086688,0.2545404129843416,0.12749139490627445,0.16433605750104358,0.216428696119648,0.21455415836872005,0.19485274147304887,0.2984972241709879,0.3595533469241839,0.24181964510059317,0.1710273540044075,0.20339223857883193,0.14552708894910266,0.19064950201233896,0.1752243153984442,0.20343805270259024,0.18546761639064996,0.22068762443902454,0.19379288352087037,0.17675186002050583,0.2515074709238938,0.1663242760826517,0.24551049093232422,0.16772757771173724,0.23496994696294815,0.3202469855912239,0.24793701717609837,0.1293544136160812,0.12137500983171272,0.20855684622378576,0.13278115790817063,0.2511354817571894,0.29287497150151603,0.16546852750458588,0.2111049828243406,0.2984236471651478,0.2732693122367566,0.20734091003086233,0.22460196585276196,0.2625130559067829,0.3532631959658745,0.3614621791342447,0.3005476260859613,0.4628095775460763,0.28530331039359463,0.6824582672540992,0.5084966213184392,0.44256864910656585,0.31095928259312483,0.1574902633367469,0.31590422942540886,0.20903878037252993,0.22006624881650344,0.25857698512041827,0.20592248117932932,0.18019298689331578,0.3303802892941661,0.17193296840625655,0.14325065710200405,0.22570492169417333,0.19078334053165885,0.23033450933847702,0.23095949232105592,0.14277870003075693,0.18475364307557451,0.12049318392113109,0.13677684520497058,0.1743323158727221,0.15755822063947064,0.2540837610670289,0.15696019392314406,0.1417571744963633,0.18410387688038465,0.15194844745392008,0.19514158723974948,0.15736788845914648,0.17958386504632706,0.12959642495134646,0.2166142923330941,0.21862360867475975,0.2836075389454394,0.15110756540632095,0.1632563852207288,0.16114127398506706,0.18390709788986334,0.19341581194553897,0.19225617171191087,0.19530089910689633,0.14453758663990604,0.18558512825312226,0.31388427789319684,0.1680544345235117,0.22178301306150838,0.16253697801080635,0.17624737879670244,0.23556432470566074,0.24364595178550313,0.19267996655061007,0.15373415810973032,0.14981425813947144,0.22900628368489245,0.25151687614439106,0.20372510057645424,0.20180899203560757,0.22246275502299165,0.34856912444597815,0.15918942482531967,0.14758794778883638,0.16697642149096117,0.13157207559471912,0.22681342962968903,0.2425348435437387,0.17421167433068036,0.2991023415644391,0.2733848239164245,0.23840165311006178,0.30234529385057535,0.11405513793505678,0.15719794636174125,0.15556158810609014,0.1967251453522744,0.13297571358822674,0.16516929060562738,0.12718064626939646,0.16481920160728328,0.1573563196395758,0.17501212212880707,0.16040951815257376,0.18418927922099465,0.27586444289084194,0.17794723010501634,0.17078972450540716,0.1582418513908301,0.18638118318482824,0.19203883515447687,0.13602670444937182,0.16917603402242354],"R_hat":[null,null,null,null,null,null,null,null,null,null,null,null,null,null,null,null,null,null,null,null,null,null,null,null,null,null,null,null,null,null,null,null,null,null,null,null,null,null,null,null,null,null,null,null,null,null,null,null,null,null,null,null,null,null,null,null,null,null,null,null,null,null,null,null,null,null,null,null,null,null,null,null,null,null,null,null,null,null,null,null,null,null,null,null,null,null,null,null,null,null,null,null,null,null,null,null,null,null,null,null,null,null,null,null,null,null,null,null,null,null,null,null,null,null,null,null,null,null,null,null,null,null,null,null,null,null,null,null,null,null,null,null,null,null,null,null,null,null,null,null,null,null,null,null,null,null,null,null,null,null,null,null,null,null,null,null,null,null,null,null,null,null,null,null,null,null,null,null,null,null,null,null,null,null,null,null,null,null,null,null,null,null,null,null,null,null,null,null,null,null,null,null,null,null,null,null,null,null,null,null,null,null,null,null,null,null,null,null,null,null,null,null,null,null,null,null,null,null,null,null,null,null,null,null,null,null,null,null,null,null,null,null,null,null,null,null,null,null,null,null,null,null,null,null,null,null,null,null,null,null,null,null,null,null,null,null,null,null,null,null,null,null,null,null,null,null,null,null,null,null,null,null,null,null,null,null,null,null,null,null,null,null,null,null,null,null,null,null,null,null,null,null,null,null,null,null,null,null,null,null,null,null,null,null,null,null,null,null,null,null,null,null,null,null,null,null,null,null,null,null,null,null,null,null,null,null,null,null,null,null,null,null,null,null,null,null,null,null,null,null,null,null,null,null,null,null,null,null,null,null,null,null,null,null,null,null,null,null,null,null,null,null,null,null,null,null,null,null,null,null,null,null,null,null,null,null,null,null,null,null,null,null,null,null,null,null,null,null,null,null,null,null,null,null,null,null,null,null,null,null,null,null,null,null,null,null,null,null,null,null,null,null,null,null,null,null,null,null,null,null,null,null,null,null,null,null,null,null,null,null,null,null,null,null,null,null,null,null,null,null,null,null,null,null,null,null,null,null,null,null,null,null,null,null,null,null,null,null,null,null,null,null,null,null,null,null,null,null,null,null,null,null,null,null,null,null,null,null,null,null,null,null,null,null,null,null,null,null,null,null,null,null,null,null,null,null,null,null,null,null,null,null,null,null,null,null,null,null,null,null,null,null,null,null,null,null,null,null,null,null,null,null,null,null,null,null,null,null,null,null,null,null,null,null,null,null,null,null,null,null,null,null,null,null,null,null,null,null,null,null,null,null,null,null,null,null,null,null,null,null,null,null,null,null,null,null,null,null,null,null,null,null,null,null,null,null,null,null,null,null,null,null,null,null,null,null,null,null,null,null,null,null,null,null,null,null,null,null,null,null,null,null,null,null,null,null,null,null,null,null,null,null,null,null,null,null,null,null,null,null,null,null,null,null,null,null,null,null,null,null,null,null,null,null,null,null,null,null,null,null,null,null,null,null,null,null,null,null,null,null,null,null,null,null,null,null,null,null,null,null,null,null,null,null,null,null,null,null,null,null,null,null,null,null,null,null,null,null,null,null,null,null,null,null,null,null,null,null,null,null,null,null,null,null,null,null,null,null,null,null,null,null,null,null,null,null,null,null,null,null,null,null,null,null,null,null,null,null,null,null,null,null,null,null,null,null,null,null,null,null,null,null,null,null,null,null,null,null,null,null,null,null,null,null,null,null,null,null,null,null,null,null,null,null,null,null,null,null,null,null,null,null,null,null,null,null,null,null,null,null,null,null,null,null,null,null,null,null,null,null,null,null,null,null,null,null,null,null,null,null,null,null,null,null,null,null,null,null,null,null,null,null,null,null,null,null,null,null,null,null,null,null,null,null,null,null,null,null,null,null,null,null,null,null,null,null,null,null,null,null,null,null,null,null,null,null,null,null,null,null,null,null,null,null,null,null,null,null,null,null,null,null,null,null,null,null,null,null,null,null,null,null,null,null,null,null,null,null,null,null,null,null,null,null,null,null,null,null,null,null,null,null,null,null,null,null,null,null,null,null,null,null,null,null,null,null,null,null,null,null,null,null,null,null,null,null,null,null,null,null,null,null,null,null,null,null,null,null,null,null,null,null,null,null,null,null,null,null,null,null,null,null,null,null,null,null,null,null,null,null,null,null,null,null,null,null,null,null,null,null,null,null,null,null,null,null,null,null,null,null,null,null,null,null,null,null,null,null,null,null,null,null,null,null,null,null,null,null,null,null,null,null,null,null,null,null,null,null,null,null,null,null,null,null,null,null,null,null,null,null],"TauCorr":[0.0,0.06499977386473443,0.10727512381079796,0.022930044286961326,0.14942947809270113,0.10038561319988881,0.0,0.0,0.07914403648558144,0.008515930918073789,0.006098944222473035,0.0,0.18829137613390123,0.12754496430127837,0.0,0.01748973820563493,0.0,0.0,0.0,0.0,0.1682966282856403,0.027521847060932303,0.0,0.06552672022426942,0.10723264259440435,0.05871684610736705,0.0,0.0,0.0,0.0,0.0,0.0,0.0,0.0,0.0,0.0,0.10089567228932461,0.0,0.0023197581853517946,0.08951802966961275,0.2169805442496645,0.0,0.0,0.034934504699517976,0.03324628350743475,0.0,0.0,0.0,0.0,0.0,0.0,0.0,0.0,0.11477285561662254,0.0,0.0,0.0,0.006149575527172879,0.0,0.0,0.0,0.0,0.0,0.022240550688485627,0.02121066089148238,0.0,0.0,0.11388667082793946,0.0,0.01985087528767382,0.0,0.0,0.0,0.08380872056194766,0.0,0.0,0.0,0.0,0.07259020923818393,0.18922516765200637,0.0,0.0,0.0,0.050356449098429734,0.0403705749613652,0.1317158443512123,0.014494254063286083,0.0,0.0,0.0,0.0,0.11424756577274875,0.0,0.0,0.055093020837901796,0.056648385040878435,0.021883994640702786,0.11997795365289254,0.034613484742947564,0.0,0.08120028536391721,0.02326220054121042,0.0,0.0,0.11157741425300727,0.012954786712668476,0.0,0.015280198507126586,0.0,0.0,0.0,0.0,0.05057406427979183,0.08986139546804273,0.04440130134218023,0.09249992039777555,0.0,0.0,0.0,0.12041673316652779,0.0,0.0,0.0,0.18552878549310015,0.0,0.0,0.0,0.027595602725306256,0.0,0.13836097849199058,0.0,0.07346305296316902,0.015087703494266247,0.0,0.09031249013824127,0.04191177650356004,0.0,0.0,0.011118823375323106,0.0,0.029690844225947588,0.0,0.06652659474853695,0.0,0.0,0.0,0.0,0.0,0.0,0.0,0.0156315429603181,0.0,0.0,0.007046148896769688,0.0,0.0,0.05741527618067499,0.0,0.16093495433186356,0.0,0.1303157414754469,0.018431471435487068,0.0,0.02964921997407366,0.09610434509321342,0.21264678359725808,0.0,0.0,0.0,0.0,0.0,0.0,0.0,0.01641100403912077,0.0,0.0,0.038232800471559636,0.047297815237492435,0.0,0.0,0.00013514402012748672,0.010876686726917772,0.0,0.19268525619480692,0.02911695410875481,0.09709559782592725,0.05647118730547973,0.2195459655116141,0.0,0.0,0.1332105762693595,0.0,0.0,0.0,0.0469321299534422,0.0,0.0,0.0,0.0,0.0,0.04592991520212453,0.0,0.00941227396073796,0.03349066076354612,0.13827983673286215,0.057421991938007566,0.0,0.0,0.0,0.0,0.06929637587540183,0.0,0.047792136928376694,0.0,0.0,0.0,0.1495439836653819,0.02586806796536767,0.019345886255718647,0.06347070237062358,0.0,0.005148097664542717,0.2300318656595831,0.08450684114336049,0.0,0.0,0.0,0.007645974039803827,0.08564427719176526,0.0,0.13075953326913525,0.07707003718229799,0.050483090605536796,0.12942976167573128,0.024438923135116974,0.0,0.10334128354865868,0.035881806582348075,0.08505188948764686,0.0,0.0,0.0,0.06648010222864564,0.014743474666546463,0.0,0.022630394254132158,0.06554102564779418,0.0,0.0,0.13160949234346275,0.10382422003140723,0.0,0.059913970101435066,0.0,0.04522093690054663,0.08489638358930318,0.15240807127501144,0.0,0.13091205607442657,0.10700915195978578,0.07616186110768641,0.1587293151692728,0.0,0.0,0.004931353568794372,0.07631360522331376,0.01237508531287379,0.0,0.0,0.0,0.04093354937988125,0.0,0.0,0.1361249873419107,0.0010488881203868372,0.024895096115619353,0.10103696211893909,0.0,0.0,0.050118858869192984,0.08459892150682691,0.0,0.04027000858474883,0.0,0.0,0.0,0.09366749698056398,0.01196428943725425,0.05807228344273507,0.0,0.0,0.0,0.0,0.14855796940980737,0.0,0.06998406412128844,0.020714664367677105,0.032289607134738385,0.11769428158686934,0.0,0.041825385349372746,0.0,0.14251624798120455,0.0,0.11256754366541499,0.0,0.24173255308898256,0.14853894353227548,0.0,0.0,0.0,0.0,0.060668169564335295,0.16503949149932695,0.0147232826286825,0.0,0.0,0.05641971456889672,0.0,0.15519901562276817,0.02976092464023894,0.10126066741665951,0.0,0.06645538346538404,0.11079447386784791,0.0,0.0,0.022207840341097906,0.0,0.0,0.0,0.0389499604704292,0.0,0.13487093930417593,0.0,0.0,0.026002957912550473,0.0,0.0,0.0201609326957638,0.0,0.0,0.08306538437044042,0.100533257660685,0.01931300582988449,0.04229845240634611,0.0,0.0,0.0,0.0,0.0,0.1857763662608981,0.025905785641081813,0.007875345099243147,0.06509621757142314,0.0,0.020960392465632527,0.0,0.0,0.0,0.0,0.0,0.19362510545111455,0.0,0.08590137716811763,0.0,0.09279057101579746,0.04682769568247869,0.1095284551594774,0.01407346954351052,0.0,0.0,0.0,0.09784495097813839,0.0,0.010405499854605038,0.0,0.0,0.0,0.0,0.0,0.0,0.0,0.0,0.0,0.0,0.0,0.059694287458166295,0.0,0.041412539045736496,0.0,0.0,0.0,0.03405640404301424,0.0,0.048144301094888764,0.0,0.0,0.0,0.0,0.007059591802681009,0.0,0.015448990049791944,0.10125668931409415,0.07600225413023265,0.09638021315012602,0.08898005894086702,0.0,0.04279251920285876,0.0,0.0,0.0,0.0,0.022538319555179154,0.0,0.0,0.14176847895291644,0.0,0.0,0.0,0.0,0.0,0.0,0.0,0.0,0.0,0.0,0.022070689700596002,0.040960036765874897,0.02631544942266517,0.020325214221975085,0.07468163959809448,0.0,0.0,0.0,0.0,0.057786806940349544,0.05749260488964847,0.0028368295456221437,0.11250955320887779,0.07169006728066996,0.037375735362902396,0.0,0.020824650132472478,0.0,0.0,0.0,0.0,0.023382788018880385,0.2124005856676925,0.0,0.0,0.0694047503156191,0.023600534250282412,0.0,0.0,0.0,0.013256630471964681,0.061190562476774235,0.0,0.0,0.0,0.09447839621291776,0.0,0.06297956402012872,0.02512552785867561,0.0,0.049366315971619,0.026095086386392463,0.0,0.0,0.11265738430591199,0.0,0.013582156005732648,0.14024580719051127,0.08884111856405141,0.0,0.06606047461426878,0.020597639795717826,0.0,0.0,0.0,0.17861109094446548,0.08544106780544536,0.011432224453555295,0.02452655548439342,0.0,0.0,0.0,0.04076929096402038,0.0,0.07089069941876514,0.0,0.0,0.0,0.047271411966768984,0.0026478343602946985,0.200016774151894,0.0019923092882133675,0.0,0.003423598066882527,0.0,0.019845493291825944,0.0,0.00224097924433575,0.0,0.0,0.0,0.0,0.0,0.0,0.010453902364055079,0.0,0.10625658921975745,0.019083264168346603,0.0910319617612122,0.0,0.0,0.0,0.0,0.0,0.05254871461916366,0.07334386007064408,0.08059258881676234,0.0,0.0,0.07119251035810437,0.0,0.033125752370540495,0.098833476163105,0.0,0.0,0.0,0.0,0.0,0.05221183546083674,0.0,0.0,0.0,0.017771120471763102,0.0646496647729583,0.0,0.06799663377614618,0.06883504124240714,0.1588625053008933,0.14699665143403307,0.009676698161657393,0.06686682511594022,0.0,0.011169221331168488,0.06686511955762287,0.0,0.06773498118517851,0.0,0.16043686036680826,0.0,0.04728033169153234,0.1307167181911718,0.0,0.0,0.0,0.03716655663749113,0.058181370201464744,0.0,0.0,0.02752895336472516,0.0,0.0,0.0169613501526803,0.0,0.0,0.05306501216680193,0.0,0.01086037983147048,0.0,0.03688532661521415,0.07085798807146515,0.0,0.05977212862112291,0.09387597519887692,0.002991454947486205,0.0,0.0,0.03250351399477536,0.10008192380650016,0.0,0.009165847060449761,0.07657688725900136,0.08946830675736372,0.0,0.0,0.032622092234344424,0.0,0.0,0.0,0.17125457019380708,0.0,0.0,0.0,0.0,0.0,0.0,0.12199130945264458,0.0,0.0,0.0,0.058854970750154556,0.14528786041249386,0.0,0.0561267198324803,0.0,0.0,0.0,0.12644117042187752,0.0,0.0,0.05726828291346853,0.0045322214062076815,0.0,0.0,0.0,0.0,0.04128509251042056,0.0,0.0924213238848558,0.0,0.12101854970452797,0.07961408282212401,0.09186377624910991,0.14560010328938333,0.13937116991721232,0.10308151512292296,0.08884219152268935,0.0641345267657275,0.0777210603477444,0.06472469196908137,0.0,0.01334275432389087,0.0,0.0031695308746023665,0.00812251077731685,0.0,0.09866521245587068,0.14017479861327997,0.0,0.017838495237502916,0.049942652917069674,0.0,0.0,0.05869542542450967,0.0,0.0,0.0,0.09546207383385297,0.017513456758392665,0.0,0.0,0.006591027211378386,0.0027534482473065003,0.0,0.0,0.09866996853424437,0.0,0.0,0.0,0.0,0.04146779701819037,0.13132860187485007,0.0,0.0,0.0,0.0,0.07726372363945666,0.0,0.08535051189616172,0.07594045618779854,0.0,0.0,0.0,0.0,0.034070520919922465,0.003282950630708381,0.012703834255478275,0.0,0.026533309714156794,0.0,0.0,0.0,0.04472736465482374,0.10977890250151734,0.04862442064773442,0.08400893323418224,0.0,0.0,0.06784880446621777,0.0,0.09953167990118073,0.0,0.101080758458711,0.2760422588334117,0.0,0.0,0.0,0.0,0.13390063833521026,0.0,0.0,0.0,0.0,0.0,0.0,0.06291183140408019,0.0,0.0,0.0,0.04174913744813513,0.0,0.0,0.058632937257351525,0.0,0.1177460675144415,0.0,0.0,0.08203973609564819,0.11328202799398246,0.0,0.0,0.0,0.0,0.034020925063545704,0.15205086952995683,0.0008964400657037741,0.0,0.0,0.02952233928373793,0.0,0.02598315112316918,0.0068345814560685225,0.031409043953637195,0.10032076392721612,0.1058113491631667,0.0,0.007399761146891781,0.05698871022163743,0.000170554903002329,0.033254751914506775,0.0,0.1364955126814663,0.0,0.0,0.012482584823076404,0.018779851173683193,0.0,0.17911768589738275,0.0,0.10861578012441331,0.10042898317569626,0.0,0.04091139051258774,0.08431679653500335,0.0,0.09825747860300438,0.1044118981107448,0.10693316018274712,0.0,0.0,0.0,0.1288094871103126,0.004419547238454169,0.0,0.022358937100471654,0.06628333503943984,0.20383588730444402,0.016377642791911673,0.0,0.0,0.033389993183444044,0.0,0.0,0.0,0.0,0.05208937732402341,0.0,0.0,0.021100691908602642,0.0,0.03929201887727318,0.07040538436987509,0.0,0.04106784652823159,0.07575830131027161,0.04326831405339482,0.0,0.05008864976142946,0.07576464253683723,0.1747038030499687,0.08656528247874173,0.0,0.06513422725012297,0.022041310262731595,0.008671630145423492,0.0,0.0,0.0,0.0,0.0,0.013927797764395455,0.1018600021190601,0.10615472320001262,0.0,0.0,0.0,0.03706588205671457,0.008433204572585895,0.0,0.15587152033623763,0.0,0.012556253011179797,0.0,0.0,0.08771857129086236,0.04636541325733079,0.12037184844307436,0.07084706329320778,0.0,0.0,0.10355482683017325,0.0,0.0,0.0,0.0,0.030668554590026043,0.0,0.0,0.0,0.0,0.09016122738032728,0.0029583030519551023,0.0,0.011763452361732929,0.07606275502211413,0.013265338156215889,0.0,0.0,0.0,0.0,0.10224231729309774,0.07623004676761314,0.0,0.0,0.04821151454581252,0.0,0.0,0.06260904389305133,0.03884781016350136,0.0,0.0,0.0,0.0,0.04021368453763663,0.0,0.007924794132521673,0.0,0.14021361626020723,0.09891420463357792,0.00610120668932268,0.0,0.0,0.02135339761482502,0.0,0.0,0.09643609070157855,0.10494239698945795,0.08905634271119323,0.007909678821577781,0.0,0.0,0.0,0.09619895510180665,0.08670653830650832,0.014705411844198601,0.0565473509844181,0.04658443627943265,0.016098392952657137,0.09100254426989729,0.0,0.009070944904056799,0.0,0.0,0.06082083027194207,0.0,0.0,0.0943925725702549,0.0,0.10788599592047798,0.0,0.048775289367553154,0.0,0.0,0.0,0.0,0.0,0.0,0.0,0.0,0.0,0.09533047986530685,0.020455850569102707,0.0,0.0,0.06439985669413739,0.0,0.0,0.0,0.0,0.05236522944247668,0.0,0.06813564797344362,0.0,0.01199741035906221,0.0,0.0,0.1716016872429721,0.0,0.09938541389433364,0.0,0.0,0.0,0.0,0.0,0.04544937494173351,0.0,0.05556062241430648,0.09448905459141099,0.0,0.1368626148757519,0.0,0.0799970812399271,0.16739786428174108,0.0,0.0,0.03626632075753311,0.0,0.12058011272053837,0.045943712812921644,0.0,0.0,0.07700417237040347,0.0,0.10834803375659685,0.03143305038886324,0.0,0.0,0.07012688317909077,0.0,0.0,0.08383517781598371,0.0,0.0,0.0,0.0,0.0,0.0,0.0,0.0,0.0,0.0,0.0,0.03074038350765207,0.06439541597297982,0.06325437343845008,0.0,0.0,0.13425252040627567,0.0799525288768076,0.0,0.0,0.0,0.051646609524044096,0.06301022012061264,0.0,0.0,0.0,0.06830879132183931,0.07002117217989579,0.014029170071477082,0.0,0.0,0.0,0.2318813862884338,0.0,0.0,0.005566757640605213,0.0,0.0,0.0,0.012371222388963155,0.14385790813839272,0.04958075165376141,0.0]}}